// Jest Snapshot v1, https://goo.gl/fbAQLP

exports[`Snapshot Tests Snapshot test 1`] = `
Object {
  "Outputs": Object {
    "MailQueueUrl": Object {
      "Export": Object {
        "Name": "MailQueuesStack-MailQueueUrl",
      },
      "Value": Object {
        "Ref": "MailQueue4F838B3A",
      },
    },
  },
  "Parameters": Object {
    "BootstrapVersion": Object {
      "Default": "/cdk-bootstrap/hnb659fds/version",
      "Description": "Version of the CDK Bootstrap resources in this environment, automatically retrieved from SSM Parameter Store. [cdk:skip]",
      "Type": "AWS::SSM::Parameter::Value<String>",
    },
  },
  "Resources": Object {
    "AttachedFileBucketAutoDeleteObjectsCustomResource907B3BD5": Object {
      "DeletionPolicy": "Delete",
      "DependsOn": Array [
        "AttachedFileBucketPolicyCF04CCE1",
      ],
      "Properties": Object {
        "BucketName": Object {
          "Ref": "AttachedFileBucketC6C49BBC",
        },
        "ServiceToken": Object {
          "Fn::GetAtt": Array [
            "CustomS3AutoDeleteObjectsCustomResourceProviderHandler9D90184F",
            "Arn",
          ],
        },
      },
      "Type": "Custom::S3AutoDeleteObjects",
      "UpdateReplacePolicy": "Delete",
    },
    "AttachedFileBucketC6C49BBC": Object {
      "DeletionPolicy": "Delete",
      "Properties": Object {
        "BucketEncryption": Object {
          "ServerSideEncryptionConfiguration": Array [
            Object {
              "ServerSideEncryptionByDefault": Object {
                "SSEAlgorithm": "AES256",
              },
            },
          ],
        },
        "LifecycleConfiguration": Object {
          "Rules": Array [
            Object {
              "ExpirationInDays": 400,
              "Id": "delete-lifecycle",
              "Status": "Enabled",
            },
          ],
        },
        "Tags": Array [
          Object {
            "Key": "aws-cdk:auto-delete-objects",
            "Value": "true",
          },
        ],
      },
      "Type": "AWS::S3::Bucket",
      "UpdateReplacePolicy": "Delete",
    },
    "AttachedFileBucketPolicyCF04CCE1": Object {
      "Properties": Object {
        "Bucket": Object {
          "Ref": "AttachedFileBucketC6C49BBC",
        },
        "PolicyDocument": Object {
          "Statement": Array [
            Object {
              "Action": Array [
                "s3:GetBucket*",
                "s3:List*",
                "s3:DeleteObject*",
              ],
              "Effect": "Allow",
              "Principal": Object {
                "AWS": Object {
                  "Fn::GetAtt": Array [
                    "CustomS3AutoDeleteObjectsCustomResourceProviderRole3B1BD092",
                    "Arn",
                  ],
                },
              },
              "Resource": Array [
                Object {
                  "Fn::GetAtt": Array [
                    "AttachedFileBucketC6C49BBC",
                    "Arn",
                  ],
                },
                Object {
                  "Fn::Join": Array [
                    "",
                    Array [
                      Object {
                        "Fn::GetAtt": Array [
                          "AttachedFileBucketC6C49BBC",
                          "Arn",
                        ],
                      },
                      "/*",
                    ],
                  ],
                },
              ],
            },
          ],
          "Version": "2012-10-17",
        },
      },
      "Type": "AWS::S3::BucketPolicy",
    },
    "CustomS3AutoDeleteObjectsCustomResourceProviderHandler9D90184F": Object {
      "DependsOn": Array [
        "CustomS3AutoDeleteObjectsCustomResourceProviderRole3B1BD092",
      ],
      "Properties": Object {
        "Code": Object {
          "S3Bucket": Object {
            "Fn::Sub": "cdk-hnb659fds-assets-\${AWS::AccountId}-ap-northeast-1",
          },
          "S3Key": "HASH-REPLACED.zip",
        },
        "Description": Object {
          "Fn::Join": Array [
            "",
            Array [
              "Lambda function for auto-deleting objects in ",
              Object {
                "Ref": "AttachedFileBucketC6C49BBC",
              },
              " S3 bucket.",
            ],
          ],
        },
        "Handler": "__entrypoint__.handler",
        "MemorySize": 128,
        "Role": Object {
          "Fn::GetAtt": Array [
            "CustomS3AutoDeleteObjectsCustomResourceProviderRole3B1BD092",
            "Arn",
          ],
        },
        "Runtime": "nodejs14.x",
        "Timeout": 900,
      },
      "Type": "AWS::Lambda::Function",
    },
    "CustomS3AutoDeleteObjectsCustomResourceProviderRole3B1BD092": Object {
      "Properties": Object {
        "AssumeRolePolicyDocument": Object {
          "Statement": Array [
            Object {
              "Action": "sts:AssumeRole",
              "Effect": "Allow",
              "Principal": Object {
                "Service": "lambda.amazonaws.com",
              },
            },
          ],
          "Version": "2012-10-17",
        },
        "ManagedPolicyArns": Array [
          Object {
            "Fn::Sub": "arn:\${AWS::Partition}:iam::aws:policy/service-role/AWSLambdaBasicExecutionRole",
          },
        ],
      },
      "Type": "AWS::IAM::Role",
    },
    "MailQueue4F838B3A": Object {
      "DeletionPolicy": "Delete",
      "Properties": Object {
        "KmsMasterKeyId": "alias/aws/sqs",
        "ReceiveMessageWaitTimeSeconds": 10,
        "RedrivePolicy": Object {
          "deadLetterTargetArn": Object {
            "Fn::GetAtt": Array [
              "MonitoringDeadLetterQueue5C1A4660",
              "Arn",
            ],
          },
          "maxReceiveCount": 5,
        },
        "VisibilityTimeout": 30,
      },
      "Type": "AWS::SQS::Queue",
      "UpdateReplacePolicy": "Delete",
    },
    "MonitoringDeadLetterQueue5C1A4660": Object {
      "DeletionPolicy": "Delete",
      "Properties": Object {
        "KmsMasterKeyId": "alias/aws/sqs",
        "MessageRetentionPeriod": 1209600,
      },
      "Type": "AWS::SQS::Queue",
      "UpdateReplacePolicy": "Delete",
    },
    "MonitoringDeadLetterQueueSizeAlarmB6C2646B": Object {
      "Properties": Object {
        "AlarmActions": Array [
          Object {
            "Ref": "MonitoringErrorTopic16B8889E",
          },
        ],
        "ComparisonOperator": "GreaterThanOrEqualToThreshold",
        "DatapointsToAlarm": 1,
        "Dimensions": Array [
          Object {
            "Name": "QueueName",
            "Value": Object {
              "Fn::GetAtt": Array [
                "MonitoringDeadLetterQueue5C1A4660",
                "QueueName",
              ],
            },
          },
        ],
        "EvaluationPeriods": 1,
        "MetricName": "ApproximateNumberOfMessagesVisible",
        "Namespace": "AWS/SQS",
        "Period": 60,
        "Statistic": "Sum",
        "Threshold": 1,
        "TreatMissingData": "notBreaching",
      },
      "Type": "AWS::CloudWatch::Alarm",
    },
    "MonitoringErrorSlackChatbotConfiguration6AB0E891": Object {
      "Properties": Object {
        "ConfigurationName": "MailQueuesStack",
        "IamRoleArn": Object {
          "Fn::GetAtt": Array [
            "MonitoringErrorSlackChatbotConfigurationConfigurationRoleEC8FD28D",
            "Arn",
          ],
        },
        "SlackChannelId": "slackChannelId",
        "SlackWorkspaceId": "slackWorkspaceId",
        "SnsTopicArns": Array [
          Object {
            "Ref": "MonitoringErrorTopic16B8889E",
          },
        ],
      },
      "Type": "AWS::Chatbot::SlackChannelConfiguration",
    },
    "MonitoringErrorSlackChatbotConfigurationConfigurationRoleEC8FD28D": Object {
      "Properties": Object {
        "AssumeRolePolicyDocument": Object {
          "Statement": Array [
            Object {
              "Action": "sts:AssumeRole",
              "Effect": "Allow",
              "Principal": Object {
                "Service": "chatbot.amazonaws.com",
              },
            },
          ],
          "Version": "2012-10-17",
        },
      },
      "Type": "AWS::IAM::Role",
    },
    "MonitoringErrorTopic16B8889E": Object {
      "Properties": Object {
        "DisplayName": "ErrorTopic",
        "TopicName": "ErrorTopic",
      },
      "Type": "AWS::SNS::Topic",
    },
    "QueueLockTable78CED995": Object {
      "DeletionPolicy": "Delete",
      "Properties": Object {
        "AttributeDefinitions": Array [
          Object {
            "AttributeName": "LockMailKey",
            "AttributeType": "S",
          },
        ],
        "BillingMode": "PAY_PER_REQUEST",
        "KeySchema": Array [
          Object {
            "AttributeName": "LockMailKey",
            "KeyType": "HASH",
          },
        ],
        "PointInTimeRecoverySpecification": Object {
          "PointInTimeRecoveryEnabled": true,
        },
        "SSESpecification": Object {
          "SSEEnabled": false,
        },
        "TimeToLiveSpecification": Object {
          "AttributeName": "ExpirationUnixTime",
          "Enabled": true,
        },
      },
      "Type": "AWS::DynamoDB::Table",
      "UpdateReplacePolicy": "Delete",
    },
    "mailerE5F4EB7C": Object {
      "DependsOn": Array [
        "mailerServiceRoleDefaultPolicyDEC8276C",
        "mailerServiceRoleF01D1C35",
      ],
      "Properties": Object {
        "Code": Object {
          "S3Bucket": Object {
            "Fn::Sub": "cdk-hnb659fds-assets-\${AWS::AccountId}-ap-northeast-1",
          },
          "S3Key": "HASH-REPLACED.zip",
        },
        "Environment": Object {
          "Variables": Object {
            "ATTACHED_FILE_BUCKET_NAME": Object {
              "Ref": "AttachedFileBucketC6C49BBC",
            },
            "AWS_NODEJS_CONNECTION_REUSE_ENABLED": "1",
            "QUEUE_LOCK_TABLE_NAME": Object {
              "Ref": "QueueLockTable78CED995",
            },
            "REGION": "ap-northeast-1",
            "SENDER_ADDRESS": "senderAddress@test.test",
            "TTL_SEC_FOR_TABLE": "345600",
          },
        },
        "Handler": "index.handler",
        "Role": Object {
          "Fn::GetAtt": Array [
            "mailerServiceRoleF01D1C35",
            "Arn",
          ],
        },
        "Runtime": "nodejs14.x",
      },
      "Type": "AWS::Lambda::Function",
    },
    "mailerServiceRoleDefaultPolicyDEC8276C": Object {
      "Properties": Object {
        "PolicyDocument": Object {
          "Statement": Array [
            Object {
              "Action": Array [
                "s3:GetObject*",
                "s3:GetBucket*",
                "s3:List*",
              ],
              "Effect": "Allow",
              "Resource": Array [
                Object {
                  "Fn::GetAtt": Array [
                    "AttachedFileBucketC6C49BBC",
                    "Arn",
                  ],
                },
                Object {
                  "Fn::Join": Array [
                    "",
                    Array [
                      Object {
                        "Fn::GetAtt": Array [
                          "AttachedFileBucketC6C49BBC",
                          "Arn",
                        ],
                      },
                      "/*",
                    ],
                  ],
                },
              ],
            },
            Object {
              "Action": Array [
                "dynamodb:BatchGetItem",
                "dynamodb:GetRecords",
                "dynamodb:GetShardIterator",
                "dynamodb:Query",
                "dynamodb:GetItem",
                "dynamodb:Scan",
                "dynamodb:ConditionCheckItem",
                "dynamodb:BatchWriteItem",
                "dynamodb:PutItem",
                "dynamodb:UpdateItem",
                "dynamodb:DeleteItem",
                "dynamodb:DescribeTable",
              ],
              "Effect": "Allow",
              "Resource": Array [
                Object {
                  "Fn::GetAtt": Array [
                    "QueueLockTable78CED995",
                    "Arn",
                  ],
                },
                Object {
                  "Ref": "AWS::NoValue",
                },
              ],
            },
            Object {
              "Action": Array [
                "ses:SendEmail",
                "SES:SendRawEmail",
              ],
              "Effect": "Allow",
              "Resource": "*",
            },
            Object {
              "Action": Array [
                "sqs:ReceiveMessage",
                "sqs:ChangeMessageVisibility",
                "sqs:GetQueueUrl",
                "sqs:DeleteMessage",
                "sqs:GetQueueAttributes",
              ],
              "Effect": "Allow",
              "Resource": Object {
                "Fn::GetAtt": Array [
                  "MailQueue4F838B3A",
                  "Arn",
                ],
              },
            },
          ],
          "Version": "2012-10-17",
        },
        "PolicyName": "mailerServiceRoleDefaultPolicyDEC8276C",
        "Roles": Array [
          Object {
            "Ref": "mailerServiceRoleF01D1C35",
          },
        ],
      },
      "Type": "AWS::IAM::Policy",
    },
    "mailerServiceRoleF01D1C35": Object {
      "Properties": Object {
        "AssumeRolePolicyDocument": Object {
          "Statement": Array [
            Object {
              "Action": "sts:AssumeRole",
              "Effect": "Allow",
              "Principal": Object {
                "Service": "lambda.amazonaws.com",
              },
            },
          ],
          "Version": "2012-10-17",
        },
        "ManagedPolicyArns": Array [
          Object {
            "Fn::Join": Array [
              "",
              Array [
                "arn:",
                Object {
                  "Ref": "AWS::Partition",
                },
                ":iam::aws:policy/service-role/AWSLambdaBasicExecutionRole",
              ],
            ],
          },
        ],
      },
      "Type": "AWS::IAM::Role",
    },
    "mailerSqsEventSourceMailQueuesStackMailQueue9C289D8422611485": Object {
      "Properties": Object {
        "BatchSize": 5,
        "EventSourceArn": Object {
          "Fn::GetAtt": Array [
            "MailQueue4F838B3A",
            "Arn",
          ],
        },
        "FunctionName": Object {
          "Ref": "mailerE5F4EB7C",
        },
        "FunctionResponseTypes": Array [
          "ReportBatchItemFailures",
        ],
        "MaximumBatchingWindowInSeconds": 10,
      },
      "Type": "AWS::Lambda::EventSourceMapping",
    },
  },
  "Rules": Object {
    "CheckBootstrapVersion": Object {
      "Assertions": Array [
        Object {
          "Assert": Object {
            "Fn::Not": Array [
              Object {
                "Fn::Contains": Array [
                  Array [
                    "1",
                    "2",
                    "3",
                    "4",
                    "5",
                  ],
                  Object {
                    "Ref": "BootstrapVersion",
                  },
                ],
              },
            ],
          },
          "AssertDescription": "CDK bootstrap stack version 6 required. Please run 'cdk bootstrap' with a recent version of the CDK CLI.",
        },
      ],
    },
  },
}
`;
